Resolving dependencies...
Downloading packages...
  _fe_analyzer_shared 85.0.0 (88.0.0 available)
  analyzer 7.7.1 (8.1.1 available)
  build 2.4.2 (4.0.0 available)
  build_config 1.1.2 (1.2.0 available)
  build_resolvers 2.4.4 (3.0.4 available)
  build_runner 2.4.15 (2.8.0 available)
  build_runner_core 8.0.0 (9.3.2 available)
  build_test 2.2.3 (3.4.0 available)
  built_value 8.11.1 (8.12.0 available)
  characters 1.4.0 (1.4.1 available)
  dart_style 3.1.1 (3.1.2 available)
  freezed 2.5.8 (3.2.0 available)
  freezed_annotation 2.4.4 (3.1.0 available)
  intl 0.19.0 (0.20.2 available)
  json_serializable 6.9.5 (6.11.1 available)
  material_color_utilities 0.11.1 (0.13.0 available)
  meta 1.16.0 (1.17.0 available)
  mockito 5.4.6 (5.5.1 available)
  source_gen 2.0.0 (4.0.1 available)
  source_helper 1.3.7 (1.3.8 available)
  test 1.26.2 (1.26.3 available)
  test_api 0.7.6 (0.7.7 available)
  test_core 0.6.11 (0.6.12 available)
Got dependencies!
23 packages have newer versions incompatible with dependency constraints.
Try `flutter pub outdated` for more information.
00:00 +0: loading /Users/vadrian/development/cc_workout_app/test/core/config/env_config_test.dart                                                                                                      00:01 +0: loading /Users/vadrian/development/cc_workout_app/test/core/config/env_config_test.dart                                                                                                      00:01 +0: /Users/vadrian/development/cc_workout_app/test/core/config/env_config_test.dart: EnvConfig should report as not configured when not initialized                                              00:01 +1: /Users/vadrian/development/cc_workout_app/test/core/config/env_config_test.dart: EnvConfig should report as not configured when not initialized                                              00:01 +1: /Users/vadrian/development/cc_workout_app/test/core/config/env_config_test.dart: EnvConfig should throw exception when accessing config before initialization                                00:01 +2: /Users/vadrian/development/cc_workout_app/test/core/config/env_config_test.dart: EnvConfig should throw exception when accessing config before initialization                                00:01 +2: /Users/vadrian/development/cc_workout_app/test/core/config/env_config_test.dart: EnvConfig should throw exception when validating uninitialized config                                       00:01 +3: /Users/vadrian/development/cc_workout_app/test/core/config/env_config_test.dart: EnvConfig should throw exception when validating uninitialized config                                       00:01 +3: /Users/vadrian/development/cc_workout_app/test/core/config/env_config_test.dart: EnvConfig should work correctly when initialized with local config                                          00:01 +4: /Users/vadrian/development/cc_workout_app/test/core/config/env_config_test.dart: EnvConfig should work correctly when initialized with local config                                          00:01 +4: /Users/vadrian/development/cc_workout_app/test/core/config/env_config_test.dart: EnvConfig should create staging config with environment variables                                           00:01 +5: /Users/vadrian/development/cc_workout_app/test/core/config/env_config_test.dart: EnvConfig should create staging config with environment variables                                           00:01 +5: /Users/vadrian/development/cc_workout_app/test/core/config/env_config_test.dart: EnvConfig should create production config with environment variables                                        00:01 +6: /Users/vadrian/development/cc_workout_app/test/core/config/env_config_test.dart: EnvConfig should create production config with environment variables                                        00:01 +6: loading /Users/vadrian/development/cc_workout_app/test/core/constants/validation_test.dart                                                                                                   00:01 +6: /Users/vadrian/development/cc_workout_app/test/core/constants/validation_test.dart: ValidationConstants should have correct rep range values                                                 00:01 +7: /Users/vadrian/development/cc_workout_app/test/core/constants/validation_test.dart: ValidationConstants should have correct rep range values                                                 00:01 +7: /Users/vadrian/development/cc_workout_app/test/core/constants/validation_test.dart: ValidationConstants should have correct weight range values                                              00:01 +8: /Users/vadrian/development/cc_workout_app/test/core/constants/validation_test.dart: ValidationConstants should have correct weight range values                                              00:01 +8: /Users/vadrian/development/cc_workout_app/test/core/constants/validation_test.dart: ValidationConstants should have correct error messages                                                   00:01 +9: /Users/vadrian/development/cc_workout_app/test/core/constants/validation_test.dart: ValidationConstants should have correct error messages                                                   00:01 +9: /Users/vadrian/development/cc_workout_app/test/core/constants/validation_test.dart: ValidationConstants should not allow instantiation                                                       00:01 +10: /Users/vadrian/development/cc_workout_app/test/core/constants/validation_test.dart: ValidationConstants should not allow instantiation                                                      00:01 +10: loading /Users/vadrian/development/cc_workout_app/test/smoke_test.dart                                                                                                                      00:01 +10: /Users/vadrian/development/cc_workout_app/test/smoke_test.dart: Core Models LiftType has correct values                                                                                     00:01 +11: /Users/vadrian/development/cc_workout_app/test/smoke_test.dart: Core Models LiftType has correct values                                                                                     00:01 +11: /Users/vadrian/development/cc_workout_app/test/smoke_test.dart: Core Models RepMax model creates correctly                                                                                  00:01 +12: /Users/vadrian/development/cc_workout_app/test/smoke_test.dart: Core Models RepMax model creates correctly                                                                                  00:01 +12: /Users/vadrian/development/cc_workout_app/test/smoke_test.dart: Core Models AuthUser model creates correctly                                                                                00:01 +13: /Users/vadrian/development/cc_workout_app/test/smoke_test.dart: Core Models AuthUser model creates correctly                                                                                00:01 +13: /Users/vadrian/development/cc_workout_app/test/smoke_test.dart: Material theme is properly configured                                                                                       00:01 +14: /Users/vadrian/development/cc_workout_app/test/smoke_test.dart: Material theme is properly configured                                                                                       00:01 +15: /Users/vadrian/development/cc_workout_app/test/smoke_test.dart: Material theme is properly configured                                                                                       00:01 +16: /Users/vadrian/development/cc_workout_app/test/smoke_test.dart: Material theme is properly configured                                                                                       00:01 +17: /Users/vadrian/development/cc_workout_app/test/smoke_test.dart: Material theme is properly configured                                                                                       00:01 +18: /Users/vadrian/development/cc_workout_app/test/smoke_test.dart: Material theme is properly configured                                                                                       00:01 +19: /Users/vadrian/development/cc_workout_app/test/smoke_test.dart: Material theme is properly configured                                                                                       00:01 +20: /Users/vadrian/development/cc_workout_app/test/smoke_test.dart: Material theme is properly configured                                                                                       00:01 +21: /Users/vadrian/development/cc_workout_app/test/smoke_test.dart: Material theme is properly configured                                                                                       00:01 +22: /Users/vadrian/development/cc_workout_app/test/smoke_test.dart: Material theme is properly configured                                                                                       00:01 +23: /Users/vadrian/development/cc_workout_app/test/smoke_test.dart: Material theme is properly configured                                                                                       00:01 +24: /Users/vadrian/development/cc_workout_app/test/smoke_test.dart: Material theme is properly configured                                                                                       00:01 +25: /Users/vadrian/development/cc_workout_app/test/smoke_test.dart: Material theme is properly configured                                                                                       00:01 +26: /Users/vadrian/development/cc_workout_app/test/smoke_test.dart: Material theme is properly configured                                                                                       00:01 +27: /Users/vadrian/development/cc_workout_app/test/smoke_test.dart: Material theme is properly configured                                                                                       00:01 +28: /Users/vadrian/development/cc_workout_app/test/smoke_test.dart: Material theme is properly configured                                                                                       00:01 +29: /Users/vadrian/development/cc_workout_app/test/smoke_test.dart: Material theme is properly configured                                                                                       00:01 +30: /Users/vadrian/development/cc_workout_app/test/smoke_test.dart: Material theme is properly configured                                                                                       00:01 +31: /Users/vadrian/development/cc_workout_app/test/features/auth/integration/auth_flow_integration_test.dart: Auth Flow Integration Tests complete sign up to sign in flow                      00:01 +32: /Users/vadrian/development/cc_workout_app/test/features/auth/integration/auth_flow_integration_test.dart: Auth Flow Integration Tests complete sign up to sign in flow                      00:01 +33: /Users/vadrian/development/cc_workout_app/test/features/auth/integration/auth_flow_integration_test.dart: Auth Flow Integration Tests complete sign up to sign in flow                      00:01 +34: /Users/vadrian/development/cc_workout_app/test/features/auth/integration/auth_flow_integration_test.dart: Auth Flow Integration Tests complete sign up to sign in flow                      00:01 +35: /Users/vadrian/development/cc_workout_app/test/features/auth/integration/auth_flow_integration_test.dart: Auth Flow Integration Tests complete sign up to sign in flow                      00:01 +36: /Users/vadrian/development/cc_workout_app/test/features/auth/integration/auth_flow_integration_test.dart: Auth Flow Integration Tests complete sign up to sign in flow                      00:01 +37: /Users/vadrian/development/cc_workout_app/test/features/auth/integration/auth_flow_integration_test.dart: Auth Flow Integration Tests complete sign up to sign in flow                      00:01 +38: /Users/vadrian/development/cc_workout_app/test/features/auth/integration/auth_flow_integration_test.dart: Auth Flow Integration Tests complete sign up to sign in flow                      00:01 +39: /Users/vadrian/development/cc_workout_app/test/features/auth/integration/auth_flow_integration_test.dart: Auth Flow Integration Tests complete sign up to sign in flow                      00:01 +40: /Users/vadrian/development/cc_workout_app/test/features/auth/integration/auth_flow_integration_test.dart: Auth Flow Integration Tests complete sign up to sign in flow                      00:01 +41: /Users/vadrian/development/cc_workout_app/test/features/auth/integration/auth_flow_integration_test.dart: Auth Flow Integration Tests complete sign up to sign in flow                      00:01 +42: /Users/vadrian/development/cc_workout_app/test/features/auth/integration/auth_flow_integration_test.dart: Auth Flow Integration Tests complete sign up to sign in flow                      00:01 +43: /Users/vadrian/development/cc_workout_app/test/features/auth/integration/auth_flow_integration_test.dart: Auth Flow Integration Tests complete sign up to sign in flow                      00:01 +44: /Users/vadrian/development/cc_workout_app/test/features/auth/integration/auth_flow_integration_test.dart: Auth Flow Integration Tests complete sign up to sign in flow                      00:01 +45: /Users/vadrian/development/cc_workout_app/test/features/auth/integration/auth_flow_integration_test.dart: Auth Flow Integration Tests complete sign up to sign in flow                      00:01 +46: /Users/vadrian/development/cc_workout_app/test/features/auth/integration/auth_flow_integration_test.dart: Auth Flow Integration Tests complete sign up to sign in flow                      00:01 +47: /Users/vadrian/development/cc_workout_app/test/features/auth/integration/auth_flow_integration_test.dart: Auth Flow Integration Tests complete sign up to sign in flow                      00:01 +48: /Users/vadrian/development/cc_workout_app/test/features/auth/integration/auth_flow_integration_test.dart: Auth Flow Integration Tests complete sign up to sign in flow                      00:01 +49: /Users/vadrian/development/cc_workout_app/test/features/auth/integration/auth_flow_integration_test.dart: Auth Flow Integration Tests complete sign up to sign in flow                      00:01 +50: /Users/vadrian/development/cc_workout_app/test/features/auth/integration/auth_flow_integration_test.dart: Auth Flow Integration Tests complete sign up to sign in flow                      00:01 +51: /Users/vadrian/development/cc_workout_app/test/features/auth/integration/auth_flow_integration_test.dart: Auth Flow Integration Tests complete sign up to sign in flow                      00:01 +52: /Users/vadrian/development/cc_workout_app/test/features/auth/integration/auth_flow_integration_test.dart: Auth Flow Integration Tests complete sign up to sign in flow                      00:01 +53: /Users/vadrian/development/cc_workout_app/test/features/auth/integration/auth_flow_integration_test.dart: Auth Flow Integration Tests complete sign up to sign in flow                      00:01 +54: /Users/vadrian/development/cc_workout_app/test/features/auth/integration/auth_flow_integration_test.dart: Auth Flow Integration Tests complete sign up to sign in flow                      00:01 +55: /Users/vadrian/development/cc_workout_app/test/features/auth/integration/auth_flow_integration_test.dart: Auth Flow Integration Tests complete sign up to sign in flow                      00:01 +56: /Users/vadrian/development/cc_workout_app/test/features/auth/integration/auth_flow_integration_test.dart: Auth Flow Integration Tests complete sign up to sign in flow                      00:01 +56 -1: /Users/vadrian/development/cc_workout_app/test/features/auth/application/providers/auth_providers_test.dart: Auth Providers authStateStreamProvider provides auth state changes stream [E]
  UnimplementedError: supabaseClientProvider must be overridden with a configured SupabaseClient
  package:riverpod/src/framework/element.dart 692:23                                     ProviderElementBase.read
  package:cc_workout_app/features/auth/application/providers/auth_providers.dart 102:30  authStateStreamProvider.<fn>
  package:riverpod/src/framework/container.dart 280:21                                   ProviderContainer.listen
  test/features/auth/application/providers/auth_providers_test.dart 437:40               main.<fn>.<fn>.<fn>
  package:test_api                                                                       Invoker._waitForOutstandingCallbacks.<fn>
  package:riverpod/src/framework/element.dart 692:23                                     ProviderElementBase.read
  package:cc_workout_app/features/auth/application/providers/auth_providers.dart 25:30   authRepositoryProviderImpl.<fn>
  package:riverpod/src/framework/element.dart 691:12                                     ProviderElementBase.read
  package:cc_workout_app/features/auth/application/providers/auth_providers.dart 102:30  authStateStreamProvider.<fn>
  package:riverpod/src/framework/container.dart 280:21                                   ProviderContainer.listen
  test/features/auth/application/providers/auth_providers_test.dart 437:40               main.<fn>.<fn>.<fn>
  package:test_api                                                                       Invoker._waitForOutstandingCallbacks.<fn>
  package:cc_workout_app/features/auth/application/providers/auth_providers.dart 14:3    supabaseClientProvider.<fn>
  package:riverpod/src/framework/element.dart 691:12                                     ProviderElementBase.read
  package:cc_workout_app/features/auth/application/providers/auth_providers.dart 25:30   authRepositoryProviderImpl.<fn>
  package:riverpod/src/framework/element.dart 691:12                                     ProviderElementBase.read
  package:cc_workout_app/features/auth/application/providers/auth_providers.dart 102:30  authStateStreamProvider.<fn>
  package:riverpod/src/framework/container.dart 280:21                                   ProviderContainer.listen
  test/features/auth/application/providers/auth_providers_test.dart 437:40               main.<fn>.<fn>.<fn>
  ===== asynchronous gap ===========================
  dart:async                                                                             _BroadcastStreamController.addError
  package:riverpod/src/stream_provider/base.dart 212:25                                  StreamProviderElement.onError
  package:riverpod/src/async_notifier/base.dart 416:7                                    FutureHandlerProviderElementMixin._handleAsync
  package:riverpod/src/async_notifier/base.dart 303:5                                    FutureHandlerProviderElementMixin.handleStream
  package:riverpod/src/stream_provider/base.dart 169:5                                   StreamProviderElement.create
  package:riverpod/src/framework/element.dart 426:7                                      ProviderElementBase.buildState
  package:riverpod/src/framework/element.dart 228:5                                      ProviderElementBase.mount
  package:riverpod/src/framework/container.dart 47:11                                    _StateReader._create
  package:riverpod/src/framework/container.dart 35:52                                    _StateReader.getElement
  package:riverpod/src/framework/container.dart 440:40                                   ProviderContainer.readProviderElement.<fn>
  package:riverpod/src/framework/container.dart 475:8                                    ProviderContainer.readProviderElement
  package:riverpod/src/framework/provider_base.dart 79:26                                ProviderBase.addListener
  package:riverpod/src/framework/container.dart 280:21                                   ProviderContainer.listen
  test/features/auth/application/providers/auth_providers_test.dart 437:40               main.<fn>.<fn>.<fn>
  

To run this test again: /Users/vadrian/development/flutter/bin/cache/dart-sdk/bin/dart test /Users/vadrian/development/cc_workout_app/test/features/auth/application/providers/auth_providers_test.dart -p vm --plain-name 'Auth Providers authStateStreamProvider provides auth state changes stream'
00:01 +57 -1: /Users/vadrian/development/cc_workout_app/test/features/auth/integration/auth_flow_integration_test.dart: Auth Flow Integration Tests complete sign up to sign in flow                   00:01 +58 -1: /Users/vadrian/development/cc_workout_app/test/features/auth/integration/auth_flow_integration_test.dart: Auth Flow Integration Tests complete sign up to sign in flow                   00:01 +59 -1: /Users/vadrian/development/cc_workout_app/test/features/auth/integration/auth_flow_integration_test.dart: Auth Flow Integration Tests complete sign up to sign in flow                   00:01 +60 -1: /Users/vadrian/development/cc_workout_app/test/features/auth/integration/auth_flow_integration_test.dart: Auth Flow Integration Tests complete sign up to sign in flow                   00:01 +61 -1: /Users/vadrian/development/cc_workout_app/test/features/auth/integration/auth_flow_integration_test.dart: Auth Flow Integration Tests complete sign up to sign in flow                   00:01 +62 -1: /Users/vadrian/development/cc_workout_app/test/features/auth/integration/auth_flow_integration_test.dart: Auth Flow Integration Tests complete sign up to sign in flow                   00:01 +63 -1: /Users/vadrian/development/cc_workout_app/test/features/auth/integration/auth_flow_integration_test.dart: Auth Flow Integration Tests complete sign up to sign in flow                   00:01 +64 -1: /Users/vadrian/development/cc_workout_app/test/features/auth/integration/auth_flow_integration_test.dart: Auth Flow Integration Tests complete sign up to sign in flow                   00:01 +65 -1: /Users/vadrian/development/cc_workout_app/test/features/auth/integration/auth_flow_integration_test.dart: Auth Flow Integration Tests complete sign up to sign in flow                   00:01 +66 -1: /Users/vadrian/development/cc_workout_app/test/features/auth/integration/auth_flow_integration_test.dart: Auth Flow Integration Tests complete sign up to sign in flow                   00:01 +67 -1: /Users/vadrian/development/cc_workout_app/test/features/auth/integration/auth_flow_integration_test.dart: Auth Flow Integration Tests complete sign up to sign in flow                   00:01 +68 -1: /Users/vadrian/development/cc_workout_app/test/features/auth/integration/auth_flow_integration_test.dart: Auth Flow Integration Tests complete sign up to sign in flow                   00:01 +69 -1: /Users/vadrian/development/cc_workout_app/test/features/auth/integration/auth_flow_integration_test.dart: Auth Flow Integration Tests complete sign up to sign in flow                   00:01 +70 -1: /Users/vadrian/development/cc_workout_app/test/features/auth/integration/auth_flow_integration_test.dart: Auth Flow Integration Tests complete sign up to sign in flow                   00:01 +71 -1: /Users/vadrian/development/cc_workout_app/test/features/auth/integration/auth_flow_integration_test.dart: Auth Flow Integration Tests complete sign up to sign in flow                   00:01 +72 -1: /Users/vadrian/development/cc_workout_app/test/features/auth/integration/auth_flow_integration_test.dart: Auth Flow Integration Tests complete sign up to sign in flow                   00:01 +73 -1: /Users/vadrian/development/cc_workout_app/test/features/auth/integration/auth_flow_integration_test.dart: Auth Flow Integration Tests complete sign up to sign in flow                   00:01 +74 -1: /Users/vadrian/development/cc_workout_app/test/features/auth/integration/auth_flow_integration_test.dart: Auth Flow Integration Tests complete sign up to sign in flow                   00:01 +75 -1: /Users/vadrian/development/cc_workout_app/test/features/auth/integration/auth_flow_integration_test.dart: Auth Flow Integration Tests complete sign up to sign in flow                   00:02 +75 -1: /Users/vadrian/development/cc_workout_app/test/features/auth/integration/auth_flow_integration_test.dart: Auth Flow Integration Tests complete sign up to sign in flow                   00:02 +76 -1: /Users/vadrian/development/cc_workout_app/test/features/auth/integration/auth_flow_integration_test.dart: Auth Flow Integration Tests complete sign up to sign in flow                   00:02 +77 -1: /Users/vadrian/development/cc_workout_app/test/features/auth/integration/auth_flow_integration_test.dart: Auth Flow Integration Tests complete sign up to sign in flow                   00:02 +78 -1: /Users/vadrian/development/cc_workout_app/test/features/auth/integration/auth_flow_integration_test.dart: Auth Flow Integration Tests complete sign up to sign in flow                   00:02 +79 -1: /Users/vadrian/development/cc_workout_app/test/features/auth/integration/auth_flow_integration_test.dart: Auth Flow Integration Tests complete sign up to sign in flow                   00:02 +80 -1: /Users/vadrian/development/cc_workout_app/test/features/auth/integration/auth_flow_integration_test.dart: Auth Flow Integration Tests complete sign up to sign in flow                   00:02 +81 -1: /Users/vadrian/development/cc_workout_app/test/features/auth/integration/auth_flow_integration_test.dart: Auth Flow Integration Tests complete sign up to sign in flow                   00:02 +82 -1: /Users/vadrian/development/cc_workout_app/test/features/auth/integration/auth_flow_integration_test.dart: Auth Flow Integration Tests complete sign up to sign in flow                   00:02 +83 -1: /Users/vadrian/development/cc_workout_app/test/features/auth/integration/auth_flow_integration_test.dart: Auth Flow Integration Tests complete sign up to sign in flow                   00:02 +84 -1: /Users/vadrian/development/cc_workout_app/test/features/auth/integration/auth_flow_integration_test.dart: Auth Flow Integration Tests complete sign up to sign in flow                   00:02 +85 -1: /Users/vadrian/development/cc_workout_app/test/features/auth/integration/auth_flow_integration_test.dart: Auth Flow Integration Tests complete sign up to sign in flow                   00:02 +86 -1: /Users/vadrian/development/cc_workout_app/test/features/auth/integration/auth_flow_integration_test.dart: Auth Flow Integration Tests complete sign up to sign in flow                   00:02 +87 -1: /Users/vadrian/development/cc_workout_app/test/features/auth/integration/auth_flow_integration_test.dart: Auth Flow Integration Tests complete sign up to sign in flow                   00:02 +88 -1: /Users/vadrian/development/cc_workout_app/test/features/auth/integration/auth_flow_integration_test.dart: Auth Flow Integration Tests complete sign up to sign in flow                   00:02 +89 -1: /Users/vadrian/development/cc_workout_app/test/features/auth/integration/auth_flow_integration_test.dart: Auth Flow Integration Tests complete sign up to sign in flow                   00:02 +90 -1: /Users/vadrian/development/cc_workout_app/test/features/auth/integration/auth_flow_integration_test.dart: Auth Flow Integration Tests complete sign up to sign in flow                   00:02 +91 -1: /Users/vadrian/development/cc_workout_app/test/features/auth/integration/auth_flow_integration_test.dart: Auth Flow Integration Tests complete sign up to sign in flow                   00:02 +92 -1: /Users/vadrian/development/cc_workout_app/test/features/auth/integration/auth_flow_integration_test.dart: Auth Flow Integration Tests complete sign up to sign in flow                   00:02 +93 -1: /Users/vadrian/development/cc_workout_app/test/features/auth/integration/auth_flow_integration_test.dart: Auth Flow Integration Tests complete sign up to sign in flow                   00:02 +94 -1: /Users/vadrian/development/cc_workout_app/test/features/auth/integration/auth_flow_integration_test.dart: Auth Flow Integration Tests complete sign up to sign in flow                   00:02 +95 -1: /Users/vadrian/development/cc_workout_app/test/features/auth/integration/auth_flow_integration_test.dart: Auth Flow Integration Tests complete sign up to sign in flow                   00:02 +96 -1: /Users/vadrian/development/cc_workout_app/test/features/auth/integration/auth_flow_integration_test.dart: Auth Flow Integration Tests complete sign up to sign in flow                   00:02 +97 -1: /Users/vadrian/development/cc_workout_app/test/features/auth/integration/auth_flow_integration_test.dart: Auth Flow Integration Tests complete sign up to sign in flow                   00:02 +98 -1: /Users/vadrian/development/cc_workout_app/test/features/auth/integration/auth_flow_integration_test.dart: Auth Flow Integration Tests complete sign up to sign in flow                   00:02 +99 -1: /Users/vadrian/development/cc_workout_app/test/features/auth/integration/auth_flow_integration_test.dart: Auth Flow Integration Tests complete sign up to sign in flow                   00:02 +100 -1: /Users/vadrian/development/cc_workout_app/test/features/auth/integration/auth_flow_integration_test.dart: Auth Flow Integration Tests complete sign up to sign in flow                  00:02 +101 -1: /Users/vadrian/development/cc_workout_app/test/features/auth/integration/auth_flow_integration_test.dart: Auth Flow Integration Tests complete sign up to sign in flow                  00:02 +102 -1: /Users/vadrian/development/cc_workout_app/test/features/auth/integration/auth_flow_integration_test.dart: Auth Flow Integration Tests complete sign up to sign in flow                  00:02 +103 -1: /Users/vadrian/development/cc_workout_app/test/features/auth/integration/auth_flow_integration_test.dart: Auth Flow Integration Tests complete sign up to sign in flow                  00:02 +104 -1: /Users/vadrian/development/cc_workout_app/test/features/auth/integration/auth_flow_integration_test.dart: Auth Flow Integration Tests complete sign up to sign in flow                  00:02 +105 -1: /Users/vadrian/development/cc_workout_app/test/features/auth/integration/auth_flow_integration_test.dart: Auth Flow Integration Tests complete sign up to sign in flow                  00:02 +106 -1: /Users/vadrian/development/cc_workout_app/test/features/auth/integration/auth_flow_integration_test.dart: Auth Flow Integration Tests complete sign up to sign in flow                  00:02 +107 -1: /Users/vadrian/development/cc_workout_app/test/features/auth/integration/auth_flow_integration_test.dart: Auth Flow Integration Tests complete sign up to sign in flow                  00:02 +108 -1: /Users/vadrian/development/cc_workout_app/test/features/auth/integration/auth_flow_integration_test.dart: Auth Flow Integration Tests complete sign up to sign in flow                  00:02 +109 -1: /Users/vadrian/development/cc_workout_app/test/features/auth/integration/auth_flow_integration_test.dart: Auth Flow Integration Tests complete sign up to sign in flow                  00:02 +110 -1: /Users/vadrian/development/cc_workout_app/test/features/auth/integration/auth_flow_integration_test.dart: Auth Flow Integration Tests complete sign up to sign in flow                  00:02 +111 -1: /Users/vadrian/development/cc_workout_app/test/features/auth/integration/auth_flow_integration_test.dart: Auth Flow Integration Tests complete sign up to sign in flow                  00:02 +112 -1: /Users/vadrian/development/cc_workout_app/test/features/auth/integration/auth_flow_integration_test.dart: Auth Flow Integration Tests complete sign up to sign in flow                  00:02 +113 -1: /Users/vadrian/development/cc_workout_app/test/features/auth/integration/auth_flow_integration_test.dart: Auth Flow Integration Tests complete sign up to sign in flow                  00:02 +114 -1: /Users/vadrian/development/cc_workout_app/test/features/auth/integration/auth_flow_integration_test.dart: Auth Flow Integration Tests complete sign up to sign in flow                  00:02 +115 -1: /Users/vadrian/development/cc_workout_app/test/features/auth/integration/auth_flow_integration_test.dart: Auth Flow Integration Tests complete sign up to sign in flow                  00:02 +116 -1: /Users/vadrian/development/cc_workout_app/test/features/auth/integration/auth_flow_integration_test.dart: Auth Flow Integration Tests complete sign up to sign in flow                  00:02 +117 -1: /Users/vadrian/development/cc_workout_app/test/features/auth/integration/auth_flow_integration_test.dart: Auth Flow Integration Tests complete sign up to sign in flow                  00:02 +118 -1: /Users/vadrian/development/cc_workout_app/test/features/auth/integration/auth_flow_integration_test.dart: Auth Flow Integration Tests complete sign up to sign in flow                  00:02 +119 -1: /Users/vadrian/development/cc_workout_app/test/features/auth/integration/auth_flow_integration_test.dart: Auth Flow Integration Tests complete sign up to sign in flow                  00:02 +120 -1: /Users/vadrian/development/cc_workout_app/test/features/auth/integration/auth_flow_integration_test.dart: Auth Flow Integration Tests complete sign up to sign in flow                  00:02 +121 -1: /Users/vadrian/development/cc_workout_app/test/features/auth/integration/auth_flow_integration_test.dart: Auth Flow Integration Tests complete sign up to sign in flow                  00:02 +122 -1: /Users/vadrian/development/cc_workout_app/test/features/auth/integration/auth_flow_integration_test.dart: Auth Flow Integration Tests complete sign up to sign in flow                  00:02 +123 -1: /Users/vadrian/development/cc_workout_app/test/features/auth/integration/auth_flow_integration_test.dart: Auth Flow Integration Tests complete sign up to sign in flow                  00:02 +124 -1: /Users/vadrian/development/cc_workout_app/test/features/auth/integration/auth_flow_integration_test.dart: Auth Flow Integration Tests complete sign up to sign in flow                  00:02 +125 -1: /Users/vadrian/development/cc_workout_app/test/features/auth/integration/auth_flow_integration_test.dart: Auth Flow Integration Tests complete sign up to sign in flow                  00:02 +126 -1: /Users/vadrian/development/cc_workout_app/test/features/auth/integration/auth_flow_integration_test.dart: Auth Flow Integration Tests complete sign up to sign in flow                  00:02 +127 -1: /Users/vadrian/development/cc_workout_app/test/features/auth/integration/auth_flow_integration_test.dart: Auth Flow Integration Tests complete sign up to sign in flow                  00:02 +128 -1: /Users/vadrian/development/cc_workout_app/test/features/auth/integration/auth_flow_integration_test.dart: Auth Flow Integration Tests complete sign up to sign in flow                  00:02 +129 -1: /Users/vadrian/development/cc_workout_app/test/features/auth/integration/auth_flow_integration_test.dart: Auth Flow Integration Tests complete sign up to sign in flow                  00:02 +130 -1: /Users/vadrian/development/cc_workout_app/test/features/auth/integration/auth_flow_integration_test.dart: Auth Flow Integration Tests complete sign up to sign in flow                  00:02 +131 -1: /Users/vadrian/development/cc_workout_app/test/features/auth/integration/auth_flow_integration_test.dart: Auth Flow Integration Tests complete sign up to sign in flow                  00:02 +132 -1: /Users/vadrian/development/cc_workout_app/test/features/auth/integration/auth_flow_integration_test.dart: Auth Flow Integration Tests complete sign up to sign in flow                  00:02 +133 -1: /Users/vadrian/development/cc_workout_app/test/features/auth/integration/auth_flow_integration_test.dart: Auth Flow Integration Tests complete sign up to sign in flow                  00:02 +134 -1: /Users/vadrian/development/cc_workout_app/test/features/auth/integration/auth_flow_integration_test.dart: Auth Flow Integration Tests complete sign up to sign in flow                  00:02 +135 -1: /Users/vadrian/development/cc_workout_app/test/features/auth/integration/auth_flow_integration_test.dart: Auth Flow Integration Tests complete sign up to sign in flow                  00:02 +136 -1: /Users/vadrian/development/cc_workout_app/test/features/auth/integration/auth_flow_integration_test.dart: Auth Flow Integration Tests complete sign up to sign in flow                  00:02 +137 -1: /Users/vadrian/development/cc_workout_app/test/features/auth/integration/auth_flow_integration_test.dart: Auth Flow Integration Tests complete sign up to sign in flow                  00:02 +138 -1: /Users/vadrian/development/cc_workout_app/test/features/auth/integration/auth_flow_integration_test.dart: Auth Flow Integration Tests complete sign up to sign in flow                  00:02 +139 -1: /Users/vadrian/development/cc_workout_app/test/features/auth/integration/auth_flow_integration_test.dart: Auth Flow Integration Tests complete sign up to sign in flow                  00:02 +140 -1: /Users/vadrian/development/cc_workout_app/test/features/auth/integration/auth_flow_integration_test.dart: Auth Flow Integration Tests complete sign up to sign in flow                  00:02 +141 -1: /Users/vadrian/development/cc_workout_app/test/features/auth/integration/auth_flow_integration_test.dart: Auth Flow Integration Tests complete sign up to sign in flow                  00:02 +142 -1: /Users/vadrian/development/cc_workout_app/test/features/auth/integration/auth_flow_integration_test.dart: Auth Flow Integration Tests complete sign up to sign in flow                  00:02 +143 -1: /Users/vadrian/development/cc_workout_app/test/features/auth/integration/auth_flow_integration_test.dart: Auth Flow Integration Tests complete sign up to sign in flow                  00:02 +144 -1: /Users/vadrian/development/cc_workout_app/test/features/auth/integration/auth_flow_integration_test.dart: Auth Flow Integration Tests complete sign up to sign in flow                  00:02 +145 -1: /Users/vadrian/development/cc_workout_app/test/features/auth/integration/auth_flow_integration_test.dart: Auth Flow Integration Tests complete sign up to sign in flow                  00:02 +146 -1: /Users/vadrian/development/cc_workout_app/test/features/auth/integration/auth_flow_integration_test.dart: Auth Flow Integration Tests complete sign up to sign in flow                  00:02 +147 -1: /Users/vadrian/development/cc_workout_app/test/features/auth/integration/auth_flow_integration_test.dart: Auth Flow Integration Tests complete sign up to sign in flow                  00:02 +148 -1: /Users/vadrian/development/cc_workout_app/test/features/auth/integration/auth_flow_integration_test.dart: Auth Flow Integration Tests complete sign up to sign in flow                  00:02 +149 -1: /Users/vadrian/development/cc_workout_app/test/features/auth/integration/auth_flow_integration_test.dart: Auth Flow Integration Tests complete sign up to sign in flow                  00:02 +150 -1: /Users/vadrian/development/cc_workout_app/test/features/auth/integration/auth_flow_integration_test.dart: Auth Flow Integration Tests complete sign up to sign in flow                  00:02 +151 -1: /Users/vadrian/development/cc_workout_app/test/features/auth/integration/auth_flow_integration_test.dart: Auth Flow Integration Tests complete sign up to sign in flow                  00:02 +152 -1: /Users/vadrian/development/cc_workout_app/test/features/auth/integration/auth_flow_integration_test.dart: Auth Flow Integration Tests complete sign up to sign in flow                  00:02 +153 -1: /Users/vadrian/development/cc_workout_app/test/features/auth/integration/auth_flow_integration_test.dart: Auth Flow Integration Tests complete sign up to sign in flow                  00:02 +154 -1: /Users/vadrian/development/cc_workout_app/test/features/auth/integration/auth_flow_integration_test.dart: Auth Flow Integration Tests complete sign up to sign in flow                  00:02 +155 -1: /Users/vadrian/development/cc_workout_app/test/features/auth/integration/auth_flow_integration_test.dart: Auth Flow Integration Tests complete sign up to sign in flow                  00:02 +156 -1: /Users/vadrian/development/cc_workout_app/test/features/auth/integration/auth_flow_integration_test.dart: Auth Flow Integration Tests complete sign up to sign in flow                  00:02 +157 -1: /Users/vadrian/development/cc_workout_app/test/features/auth/integration/auth_flow_integration_test.dart: Auth Flow Integration Tests complete sign up to sign in flow                  00:02 +158 -1: /Users/vadrian/development/cc_workout_app/test/features/auth/integration/auth_flow_integration_test.dart: Auth Flow Integration Tests complete sign up to sign in flow                  00:02 +159 -1: /Users/vadrian/development/cc_workout_app/test/features/auth/integration/auth_flow_integration_test.dart: Auth Flow Integration Tests complete sign up to sign in flow                  00:02 +160 -1: /Users/vadrian/development/cc_workout_app/test/features/auth/integration/auth_flow_integration_test.dart: Auth Flow Integration Tests complete sign up to sign in flow                  00:02 +161 -1: /Users/vadrian/development/cc_workout_app/test/features/auth/integration/auth_flow_integration_test.dart: Auth Flow Integration Tests complete sign up to sign in flow                  00:02 +162 -1: /Users/vadrian/development/cc_workout_app/test/features/auth/integration/auth_flow_integration_test.dart: Auth Flow Integration Tests complete sign up to sign in flow                  00:02 +163 -1: /Users/vadrian/development/cc_workout_app/test/features/auth/integration/auth_flow_integration_test.dart: Auth Flow Integration Tests complete sign up to sign in flow                  00:02 +164 -1: /Users/vadrian/development/cc_workout_app/test/features/auth/integration/auth_flow_integration_test.dart: Auth Flow Integration Tests complete sign up to sign in flow                  00:02 +165 -1: /Users/vadrian/development/cc_workout_app/test/features/auth/integration/auth_flow_integration_test.dart: Auth Flow Integration Tests complete sign up to sign in flow                  00:02 +166 -1: /Users/vadrian/development/cc_workout_app/test/features/auth/integration/auth_flow_integration_test.dart: Auth Flow Integration Tests complete sign up to sign in flow                  00:02 +167 -1: /Users/vadrian/development/cc_workout_app/test/features/auth/integration/auth_flow_integration_test.dart: Auth Flow Integration Tests complete sign up to sign in flow                  00:02 +168 -1: /Users/vadrian/development/cc_workout_app/test/features/auth/integration/auth_flow_integration_test.dart: Auth Flow Integration Tests complete sign up to sign in flow                  00:02 +169 -1: /Users/vadrian/development/cc_workout_app/test/features/auth/integration/auth_flow_integration_test.dart: Auth Flow Integration Tests complete sign up to sign in flow                  00:02 +170 -2: /Users/vadrian/development/cc_workout_app/test/features/auth/integration/auth_flow_integration_test.dart: Auth Flow Integration Tests complete sign up to sign in flow                  00:02 +171 -2: /Users/vadrian/development/cc_workout_app/test/features/auth/integration/auth_flow_integration_test.dart: Auth Flow Integration Tests complete sign up to sign in flow                  00:02 +172 -2: /Users/vadrian/development/cc_workout_app/test/features/auth/integration/auth_flow_integration_test.dart: Auth Flow Integration Tests complete sign up to sign in flow                  00:02 +172 -2: /Users/vadrian/development/cc_workout_app/test/features/auth/data/repositories/supabase_auth_repository_test.dart: SupabaseAuthRepository Dispose closes auth state stream controller [E]
  Bad state: Cannot add new events after calling close
  dart:async                                                                                  _BroadcastStreamController.add
  package:cc_workout_app/features/auth/data/repositories/supabase_auth_repository.dart 32:31  SupabaseAuthRepository._initializeAuthStateStream.<fn>
  ===== asynchronous gap ===========================
  dart:async                                                                                  _StreamImpl.listen
  package:cc_workout_app/features/auth/data/repositories/supabase_auth_repository.dart 26:38  SupabaseAuthRepository._initializeAuthStateStream
  package:cc_workout_app/features/auth/data/repositories/supabase_auth_repository.dart 19:5   new SupabaseAuthRepository
  test/features/auth/data/repositories/supabase_auth_repository_test.dart 79:20               main.<fn>.<fn>
  

To run this test again: /Users/vadrian/development/flutter/bin/cache/dart-sdk/bin/dart test /Users/vadrian/development/cc_workout_app/test/features/auth/data/repositories/supabase_auth_repository_test.dart -p vm --plain-name 'SupabaseAuthRepository Dispose closes auth state stream controller'
00:02 +172 -2: /Users/vadrian/development/cc_workout_app/test/features/auth/integration/auth_flow_integration_test.dart: Auth Flow Integration Tests complete sign up to sign in flow                  00:02 +173 -2: /Users/vadrian/development/cc_workout_app/test/features/auth/integration/auth_flow_integration_test.dart: Auth Flow Integration Tests complete sign up to sign in flow                  00:02 +174 -2: /Users/vadrian/development/cc_workout_app/test/features/auth/integration/auth_flow_integration_test.dart: Auth Flow Integration Tests complete sign up to sign in flow                  00:02 +175 -2: /Users/vadrian/development/cc_workout_app/test/features/auth/integration/auth_flow_integration_test.dart: Auth Flow Integration Tests complete sign up to sign in flow                  00:02 +176 -2: /Users/vadrian/development/cc_workout_app/test/features/auth/integration/auth_flow_integration_test.dart: Auth Flow Integration Tests complete sign up to sign in flow                  00:02 +176 -2: /Users/vadrian/development/cc_workout_app/test/features/auth/integration/auth_flow_integration_test.dart: Auth Flow Integration Tests sign in with email and password flow              00:02 +177 -2: /Users/vadrian/development/cc_workout_app/test/features/auth/integration/auth_flow_integration_test.dart: Auth Flow Integration Tests sign in with email and password flow              00:02 +178 -2: /Users/vadrian/development/cc_workout_app/test/features/auth/integration/auth_flow_integration_test.dart: Auth Flow Integration Tests sign in with email and password flow              00:02 +179 -2: /Users/vadrian/development/cc_workout_app/test/features/auth/integration/auth_flow_integration_test.dart: Auth Flow Integration Tests sign in with email and password flow              00:02 +180 -2: /Users/vadrian/development/cc_workout_app/test/features/auth/integration/auth_flow_integration_test.dart: Auth Flow Integration Tests sign in with email and password flow              00:02 +181 -2: /Users/vadrian/development/cc_workout_app/test/features/auth/integration/auth_flow_integration_test.dart: Auth Flow Integration Tests sign in with email and password flow              00:02 +182 -2: /Users/vadrian/development/cc_workout_app/test/features/auth/integration/auth_flow_integration_test.dart: Auth Flow Integration Tests sign in with email and password flow              00:02 +183 -2: /Users/vadrian/development/cc_workout_app/test/features/auth/integration/auth_flow_integration_test.dart: Auth Flow Integration Tests sign in with email and password flow              00:02 +184 -2: /Users/vadrian/development/cc_workout_app/test/features/auth/integration/auth_flow_integration_test.dart: Auth Flow Integration Tests sign in with email and password flow              00:02 +185 -2: /Users/vadrian/development/cc_workout_app/test/features/auth/integration/auth_flow_integration_test.dart: Auth Flow Integration Tests sign in with email and password flow              00:02 +186 -2: /Users/vadrian/development/cc_workout_app/test/features/auth/integration/auth_flow_integration_test.dart: Auth Flow Integration Tests sign in with email and password flow              00:02 +187 -2: /Users/vadrian/development/cc_workout_app/test/features/auth/integration/auth_flow_integration_test.dart: Auth Flow Integration Tests sign in with email and password flow              00:02 +188 -2: /Users/vadrian/development/cc_workout_app/test/features/auth/integration/auth_flow_integration_test.dart: Auth Flow Integration Tests sign in with email and password flow              00:02 +189 -2: /Users/vadrian/development/cc_workout_app/test/features/auth/integration/auth_flow_integration_test.dart: Auth Flow Integration Tests sign in with email and password flow              00:02 +190 -2: /Users/vadrian/development/cc_workout_app/test/features/auth/integration/auth_flow_integration_test.dart: Auth Flow Integration Tests sign in with email and password flow              00:02 +191 -2: /Users/vadrian/development/cc_workout_app/test/features/auth/integration/auth_flow_integration_test.dart: Auth Flow Integration Tests sign in with email and password flow              00:02 +192 -2: /Users/vadrian/development/cc_workout_app/test/features/auth/integration/auth_flow_integration_test.dart: Auth Flow Integration Tests sign in with email and password flow              00:02 +193 -2: /Users/vadrian/development/cc_workout_app/test/features/auth/integration/auth_flow_integration_test.dart: Auth Flow Integration Tests sign in with email and password flow              00:02 +194 -2: /Users/vadrian/development/cc_workout_app/test/features/auth/integration/auth_flow_integration_test.dart: Auth Flow Integration Tests sign in with email and password flow              00:02 +194 -2: /Users/vadrian/development/cc_workout_app/test/features/auth/integration/auth_flow_integration_test.dart: Auth Flow Integration Tests magic link sign in flow                           00:03 +194 -2: /Users/vadrian/development/cc_workout_app/test/features/auth/integration/auth_flow_integration_test.dart: Auth Flow Integration Tests magic link sign in flow                           00:03 +195 -2: /Users/vadrian/development/cc_workout_app/test/features/auth/integration/auth_flow_integration_test.dart: Auth Flow Integration Tests magic link sign in flow                           00:03 +196 -2: /Users/vadrian/development/cc_workout_app/test/features/auth/integration/auth_flow_integration_test.dart: Auth Flow Integration Tests magic link sign in flow                           00:03 +197 -2: /Users/vadrian/development/cc_workout_app/test/features/auth/integration/auth_flow_integration_test.dart: Auth Flow Integration Tests magic link sign in flow                           00:03 +198 -2: /Users/vadrian/development/cc_workout_app/test/features/auth/integration/auth_flow_integration_test.dart: Auth Flow Integration Tests magic link sign in flow                           00:03 +199 -2: /Users/vadrian/development/cc_workout_app/test/features/auth/integration/auth_flow_integration_test.dart: Auth Flow Integration Tests magic link sign in flow                           00:03 +200 -2: /Users/vadrian/development/cc_workout_app/test/features/auth/integration/auth_flow_integration_test.dart: Auth Flow Integration Tests magic link sign in flow                           00:03 +201 -2: /Users/vadrian/development/cc_workout_app/test/features/auth/integration/auth_flow_integration_test.dart: Auth Flow Integration Tests magic link sign in flow                           00:03 +202 -2: /Users/vadrian/development/cc_workout_app/test/features/auth/integration/auth_flow_integration_test.dart: Auth Flow Integration Tests magic link sign in flow                           00:03 +203 -2: /Users/vadrian/development/cc_workout_app/test/features/auth/integration/auth_flow_integration_test.dart: Auth Flow Integration Tests magic link sign in flow                           00:03 +204 -2: /Users/vadrian/development/cc_workout_app/test/features/auth/integration/auth_flow_integration_test.dart: Auth Flow Integration Tests magic link sign in flow                           00:03 +205 -2: /Users/vadrian/development/cc_workout_app/test/features/auth/integration/auth_flow_integration_test.dart: Auth Flow Integration Tests magic link sign in flow                           00:03 +206 -2: /Users/vadrian/development/cc_workout_app/test/features/auth/integration/auth_flow_integration_test.dart: Auth Flow Integration Tests magic link sign in flow                           00:03 +207 -3: /Users/vadrian/development/cc_workout_app/test/features/auth/integration/auth_flow_integration_test.dart: Auth Flow Integration Tests magic link sign in flow                           00:03 +208 -3: /Users/vadrian/development/cc_workout_app/test/features/auth/integration/auth_flow_integration_test.dart: Auth Flow Integration Tests magic link sign in flow                           00:03 +209 -3: /Users/vadrian/development/cc_workout_app/test/features/auth/integration/auth_flow_integration_test.dart: Auth Flow Integration Tests magic link sign in flow                           00:03 +210 -3: /Users/vadrian/development/cc_workout_app/test/features/auth/integration/auth_flow_integration_test.dart: Auth Flow Integration Tests magic link sign in flow                           00:03 +211 -3: /Users/vadrian/development/cc_workout_app/test/features/auth/integration/auth_flow_integration_test.dart: Auth Flow Integration Tests magic link sign in flow                           00:03 +212 -3: /Users/vadrian/development/cc_workout_app/test/features/auth/integration/auth_flow_integration_test.dart: Auth Flow Integration Tests magic link sign in flow                           00:03 +213 -3: /Users/vadrian/development/cc_workout_app/test/features/auth/integration/auth_flow_integration_test.dart: Auth Flow Integration Tests magic link sign in flow                           00:03 +214 -3: /Users/vadrian/development/cc_workout_app/test/features/auth/integration/auth_flow_integration_test.dart: Auth Flow Integration Tests magic link sign in flow                           00:03 +214 -3: /Users/vadrian/development/cc_workout_app/test/features/auth/presentation/widgets/form_components_test.dart: AuthFormValidation validateEmail returns invalid for malformed email [E]   
  Expected: EmailValidationResult:<EmailValidationResult.invalid>
    Actual: EmailValidationResult:<EmailValidationResult.valid>
  Failed for email: invalid@email..com
  
  package:matcher                                                          expect
  package:flutter_test/src/widget_tester.dart 473:18                       expect
  test/features/auth/presentation/widgets/form_components_test.dart 34:11  main.<fn>.<fn>.<fn>
  

To run this test again: /Users/vadrian/development/flutter/bin/cache/dart-sdk/bin/dart test /Users/vadrian/development/cc_workout_app/test/features/auth/presentation/widgets/form_components_test.dart -p vm --plain-name 'AuthFormValidation validateEmail returns invalid for malformed email'
00:03 +215 -3: /Users/vadrian/development/cc_workout_app/test/features/auth/integration/auth_flow_integration_test.dart: Auth Flow Integration Tests magic link sign in flow                           00:03 +216 -3: /Users/vadrian/development/cc_workout_app/test/features/auth/integration/auth_flow_integration_test.dart: Auth Flow Integration Tests magic link sign in flow                           00:03 +217 -3: /Users/vadrian/development/cc_workout_app/test/features/auth/integration/auth_flow_integration_test.dart: Auth Flow Integration Tests magic link sign in flow                           00:03 +218 -3: /Users/vadrian/development/cc_workout_app/test/features/auth/integration/auth_flow_integration_test.dart: Auth Flow Integration Tests magic link sign in flow                           00:03 +219 -3: /Users/vadrian/development/cc_workout_app/test/features/auth/integration/auth_flow_integration_test.dart: Auth Flow Integration Tests magic link sign in flow                           00:03 +220 -3: /Users/vadrian/development/cc_workout_app/test/features/auth/integration/auth_flow_integration_test.dart: Auth Flow Integration Tests magic link sign in flow                           00:03 +221 -3: /Users/vadrian/development/cc_workout_app/test/features/auth/integration/auth_flow_integration_test.dart: Auth Flow Integration Tests magic link sign in flow                           00:03 +222 -3: /Users/vadrian/development/cc_workout_app/test/features/auth/integration/auth_flow_integration_test.dart: Auth Flow Integration Tests magic link sign in flow                           00:03 +223 -3: /Users/vadrian/development/cc_workout_app/test/features/auth/integration/auth_flow_integration_test.dart: Auth Flow Integration Tests magic link sign in flow                           00:03 +224 -3: /Users/vadrian/development/cc_workout_app/test/features/auth/integration/auth_flow_integration_test.dart: Auth Flow Integration Tests magic link sign in flow                           00:03 +224 -4: /Users/vadrian/development/cc_workout_app/test/features/auth/presentation/widgets/form_components_test.dart: AuthFormValidation getEmailErrorMessage returns error message for empty email [E]
  Expected: contains 'email'
    Actual: 'Email is required'
     Which: does not contain 'email'
  
  package:matcher                                                          expect
  package:flutter_test/src/widget_tester.dart 473:18                       expect
  test/features/auth/presentation/widgets/form_components_test.dart 195:9  main.<fn>.<fn>.<fn>
  

To run this test again: /Users/vadrian/development/flutter/bin/cache/dart-sdk/bin/dart test /Users/vadrian/development/cc_workout_app/test/features/auth/presentation/widgets/form_components_test.dart -p vm --plain-name 'AuthFormValidation getEmailErrorMessage returns error message for empty email'
00:03 +225 -4: /Users/vadrian/development/cc_workout_app/test/features/auth/integration/auth_flow_integration_test.dart: Auth Flow Integration Tests magic link sign in flow                           00:03 +226 -4: /Users/vadrian/development/cc_workout_app/test/features/auth/integration/auth_flow_integration_test.dart: Auth Flow Integration Tests magic link sign in flow                           00:03 +226 -5: /Users/vadrian/development/cc_workout_app/test/features/auth/presentation/widgets/form_components_test.dart: AuthFormValidation getPasswordErrorMessage returns error message for empty password [E]
  Expected: contains 'password'
    Actual: 'Password is required'
     Which: does not contain 'password'
  
  package:matcher                                                          expect
  package:flutter_test/src/widget_tester.dart 473:18                       expect
  test/features/auth/presentation/widgets/form_components_test.dart 222:9  main.<fn>.<fn>.<fn>
  

To run this test again: /Users/vadrian/development/flutter/bin/cache/dart-sdk/bin/dart test /Users/vadrian/development/cc_workout_app/test/features/auth/presentation/widgets/form_components_test.dart -p vm --plain-name 'AuthFormValidation getPasswordErrorMessage returns error message for empty password'
00:03 +227 -5: /Users/vadrian/development/cc_workout_app/test/features/auth/integration/auth_flow_integration_test.dart: Auth Flow Integration Tests magic link sign in flow                           00:03 +228 -5: /Users/vadrian/development/cc_workout_app/test/features/auth/integration/auth_flow_integration_test.dart: Auth Flow Integration Tests magic link sign in flow                           00:03 +229 -5: /Users/vadrian/development/cc_workout_app/test/features/auth/integration/auth_flow_integration_test.dart: Auth Flow Integration Tests magic link sign in flow                           00:03 +230 -5: /Users/vadrian/development/cc_workout_app/test/features/auth/integration/auth_flow_integration_test.dart: Auth Flow Integration Tests magic link sign in flow                           00:03 +231 -5: /Users/vadrian/development/cc_workout_app/test/features/auth/integration/auth_flow_integration_test.dart: Auth Flow Integration Tests magic link sign in flow                           00:03 +232 -5: /Users/vadrian/development/cc_workout_app/test/features/auth/integration/auth_flow_integration_test.dart: Auth Flow Integration Tests magic link sign in flow                           00:03 +233 -5: /Users/vadrian/development/cc_workout_app/test/features/auth/integration/auth_flow_integration_test.dart: Auth Flow Integration Tests magic link sign in flow                           00:03 +234 -5: /Users/vadrian/development/cc_workout_app/test/features/auth/integration/auth_flow_integration_test.dart: Auth Flow Integration Tests magic link sign in flow                           00:03 +235 -5: /Users/vadrian/development/cc_workout_app/test/features/auth/integration/auth_flow_integration_test.dart: Auth Flow Integration Tests magic link sign in flow                           00:03 +236 -5: /Users/vadrian/development/cc_workout_app/test/features/auth/integration/auth_flow_integration_test.dart: Auth Flow Integration Tests magic link sign in flow                           00:03 +237 -5: /Users/vadrian/development/cc_workout_app/test/features/auth/integration/auth_flow_integration_test.dart: Auth Flow Integration Tests magic link sign in flow                           00:03 +238 -5: /Users/vadrian/development/cc_workout_app/test/features/auth/integration/auth_flow_integration_test.dart: Auth Flow Integration Tests magic link sign in flow                           00:03 +239 -5: /Users/vadrian/development/cc_workout_app/test/features/auth/integration/auth_flow_integration_test.dart: Auth Flow Integration Tests magic link sign in flow                           00:03 +239 -5: /Users/vadrian/development/cc_workout_app/test/features/auth/integration/auth_flow_integration_test.dart: Auth Flow Integration Tests magic link sign in flow                           
══╡ EXCEPTION CAUGHT BY FLUTTER TEST FRAMEWORK ╞════════════════════════════════════════════════════
The following assertion was thrown running a test:
The finder "Found 0 widgets with key [<'magic_link_button'>]: []" (used in a call to "tap()") could
not find any matching widgets.

When the exception was thrown, this was the stack:
#0      WidgetController._getElementPoint (package:flutter_test/src/controller.dart:2009:7)
#1      WidgetController.getCenter (package:flutter_test/src/controller.dart:1861:12)
#2      WidgetController.tap (package:flutter_test/src/controller.dart:1041:7)
#3      AuthFlowRobot.tapMagicLinkButton (file:///Users/vadrian/development/cc_workout_app/test/features/auth/integration/auth_flow_integration_test.dart:119:18)
#4      main.<anonymous closure>.<anonymous closure> (file:///Users/vadrian/development/cc_workout_app/test/features/auth/integration/auth_flow_integration_test.dart:283:19)
<asynchronous suspension>
#5      testWidgets.<anonymous closure>.<anonymous closure> (package:flutter_test/src/widget_tester.dart:192:15)
<asynchronous suspension>
#6      TestWidgetsFlutterBinding._runTestBody (package:flutter_test/src/binding.dart:1059:5)
<asynchronous suspension>
<asynchronous suspension>
(elided one frame from package:stack_trace)

The test description was:
  magic link sign in flow
════════════════════════════════════════════════════════════════════════════════════════════════════
00:03 +239 -6: /Users/vadrian/development/cc_workout_app/test/features/auth/integration/auth_flow_integration_test.dart: Auth Flow Integration Tests magic link sign in flow [E]                       
  Test failed. See exception logs above.
  The test description was: magic link sign in flow
  

To run this test again: /Users/vadrian/development/flutter/bin/cache/dart-sdk/bin/dart test /Users/vadrian/development/cc_workout_app/test/features/auth/integration/auth_flow_integration_test.dart -p vm --plain-name 'Auth Flow Integration Tests magic link sign in flow'
00:03 +240 -6: /Users/vadrian/development/cc_workout_app/test/features/auth/presentation/screens/auth_gate_test.dart: AuthGate displays loading screen when auth state is loading                      00:03 +241 -6: /Users/vadrian/development/cc_workout_app/test/features/auth/presentation/screens/auth_gate_test.dart: AuthGate displays loading screen when auth state is loading                      00:03 +242 -6: /Users/vadrian/development/cc_workout_app/test/features/auth/presentation/screens/auth_gate_test.dart: AuthGate displays loading screen when auth state is loading                      00:03 +243 -6: /Users/vadrian/development/cc_workout_app/test/features/auth/presentation/screens/auth_gate_test.dart: AuthGate displays loading screen when auth state is loading                      00:03 +244 -6: /Users/vadrian/development/cc_workout_app/test/features/auth/presentation/screens/auth_gate_test.dart: AuthGate displays loading screen when auth state is loading                      00:03 +245 -6: /Users/vadrian/development/cc_workout_app/test/features/auth/presentation/screens/auth_gate_test.dart: AuthGate displays loading screen when auth state is loading                      00:03 +246 -6: /Users/vadrian/development/cc_workout_app/test/features/auth/presentation/screens/auth_gate_test.dart: AuthGate displays loading screen when auth state is loading                      00:03 +247 -6: /Users/vadrian/development/cc_workout_app/test/features/auth/integration/auth_flow_integration_test.dart: Auth Flow Integration Tests error handling during sign in                     00:03 +247 -6: /Users/vadrian/development/cc_workout_app/test/features/auth/integration/auth_flow_integration_test.dart: Auth Flow Integration Tests error handling during sign in                     
══╡ EXCEPTION CAUGHT BY FLUTTER TEST FRAMEWORK ╞════════════════════════════════════════════════════
The following TestFailure was thrown running a test:
Expected: exactly one matching candidate
  Actual: _TextContainingWidgetFinder:<Found 0 widgets with text containing Invalid email or
password: []>
   Which: means none were found but one was expected

When the exception was thrown, this was the stack:
#4      AuthFlowRobot.expectError (file:///Users/vadrian/development/cc_workout_app/test/features/auth/integration/auth_flow_integration_test.dart:151:5)
#5      main.<anonymous closure>.<anonymous closure> (file:///Users/vadrian/development/cc_workout_app/test/features/auth/integration/auth_flow_integration_test.dart:339:13)
<asynchronous suspension>
#6      testWidgets.<anonymous closure>.<anonymous closure> (package:flutter_test/src/widget_tester.dart:192:15)
<asynchronous suspension>
#7      TestWidgetsFlutterBinding._runTestBody (package:flutter_test/src/binding.dart:1059:5)
<asynchronous suspension>
<asynchronous suspension>
(elided one frame from package:stack_trace)

This was caught by the test expectation on the following line:
  file:///Users/vadrian/development/cc_workout_app/test/features/auth/integration/auth_flow_integration_test.dart line 151
The test description was:
  error handling during sign in
════════════════════════════════════════════════════════════════════════════════════════════════════
00:03 +247 -7: /Users/vadrian/development/cc_workout_app/test/features/auth/integration/auth_flow_integration_test.dart: Auth Flow Integration Tests error handling during sign in [E]                 
  Test failed. See exception logs above.
  The test description was: error handling during sign in
  

To run this test again: /Users/vadrian/development/flutter/bin/cache/dart-sdk/bin/dart test /Users/vadrian/development/cc_workout_app/test/features/auth/integration/auth_flow_integration_test.dart -p vm --plain-name 'Auth Flow Integration Tests error handling during sign in'
00:03 +247 -7: /Users/vadrian/development/cc_workout_app/test/features/auth/presentation/screens/auth_gate_test.dart: AuthGate displays main app when user is authenticated                            00:04 +247 -7: /Users/vadrian/development/cc_workout_app/test/features/auth/presentation/screens/auth_gate_test.dart: AuthGate displays main app when user is authenticated                            00:04 +247 -7: /Users/vadrian/development/cc_workout_app/test/features/auth/integration/auth_flow_integration_test.dart: Auth Flow Integration Tests navigation between auth screens                   
══╡ EXCEPTION CAUGHT BY FLUTTER TEST FRAMEWORK ╞════════════════════════════════════════════════════
The following assertion was thrown running a test:
The finder "Found 0 widgets with text "Already have an account? Sign in": []" (used in a call to
"tap()") could not find any matching widgets.

When the exception was thrown, this was the stack:
#0      WidgetController._getElementPoint (package:flutter_test/src/controller.dart:2009:7)
#1      WidgetController.getCenter (package:flutter_test/src/controller.dart:1861:12)
#2      WidgetController.tap (package:flutter_test/src/controller.dart:1041:7)
#3      AuthFlowRobot.navigateToSignIn (file:///Users/vadrian/development/cc_workout_app/test/features/auth/integration/auth_flow_integration_test.dart:63:18)
#4      main.<anonymous closure>.<anonymous closure> (file:///Users/vadrian/development/cc_workout_app/test/features/auth/integration/auth_flow_integration_test.dart:362:19)
<asynchronous suspension>
#5      testWidgets.<anonymous closure>.<anonymous closure> (package:flutter_test/src/widget_tester.dart:192:15)
<asynchronous suspension>
#6      TestWidgetsFlutterBinding._runTestBody (package:flutter_test/src/binding.dart:1059:5)
<asynchronous suspension>
<asynchronous suspension>
(elided one frame from package:stack_trace)

The test description was:
  navigation between auth screens
════════════════════════════════════════════════════════════════════════════════════════════════════
00:04 +247 -8: /Users/vadrian/development/cc_workout_app/test/features/auth/integration/auth_flow_integration_test.dart: Auth Flow Integration Tests navigation between auth screens [E]               
  Test failed. See exception logs above.
  The test description was: navigation between auth screens
  

To run this test again: /Users/vadrian/development/flutter/bin/cache/dart-sdk/bin/dart test /Users/vadrian/development/cc_workout_app/test/features/auth/integration/auth_flow_integration_test.dart -p vm --plain-name 'Auth Flow Integration Tests navigation between auth screens'
00:04 +247 -8: /Users/vadrian/development/cc_workout_app/test/features/auth/presentation/screens/auth_gate_test.dart: AuthGate displays main app when user is authenticated                            00:04 +248 -8: /Users/vadrian/development/cc_workout_app/test/features/lifts/screens/edit_lift_screen_test.dart: EditLiftScreen Widget Tests displays all required form fields with initial data       00:04 +249 -8: /Users/vadrian/development/cc_workout_app/test/features/lifts/screens/edit_lift_screen_test.dart: EditLiftScreen Widget Tests displays all required form fields with initial data       00:04 +250 -8: /Users/vadrian/development/cc_workout_app/test/features/lifts/screens/edit_lift_screen_test.dart: EditLiftScreen Widget Tests displays all required form fields with initial data       00:04 +251 -8: /Users/vadrian/development/cc_workout_app/test/features/lifts/screens/edit_lift_screen_test.dart: EditLiftScreen Widget Tests displays all required form fields with initial data       00:04 +252 -8: /Users/vadrian/development/cc_workout_app/test/features/lifts/screens/edit_lift_screen_test.dart: EditLiftScreen Widget Tests displays all required form fields with initial data       00:04 +252 -8: /Users/vadrian/development/cc_workout_app/test/features/auth/integration/auth_flow_integration_test.dart: Auth Flow Integration Tests sign out flow returns to auth screens             
══╡ EXCEPTION CAUGHT BY FLUTTER TEST FRAMEWORK ╞════════════════════════════════════════════════════
The following assertion was thrown running a test:
The finder "Found 0 widgets with key [<'sign_out_button'>]: []" (used in a call to "tap()") could
not find any matching widgets.

When the exception was thrown, this was the stack:
#0      WidgetController._getElementPoint (package:flutter_test/src/controller.dart:2009:7)
#1      WidgetController.getCenter (package:flutter_test/src/controller.dart:1861:12)
#2      WidgetController.tap (package:flutter_test/src/controller.dart:1041:7)
#3      AuthFlowRobot.tapSignOutButton (file:///Users/vadrian/development/cc_workout_app/test/features/auth/integration/auth_flow_integration_test.dart:129:18)
#4      main.<anonymous closure>.<anonymous closure> (file:///Users/vadrian/development/cc_workout_app/test/features/auth/integration/auth_flow_integration_test.dart:395:19)
<asynchronous suspension>
#5      testWidgets.<anonymous closure>.<anonymous closure> (package:flutter_test/src/widget_tester.dart:192:15)
<asynchronous suspension>
#6      TestWidgetsFlutterBinding._runTestBody (package:flutter_test/src/binding.dart:1059:5)
<asynchronous suspension>
<asynchronous suspension>
(elided one frame from package:stack_trace)

The test description was:
  sign out flow returns to auth screens
════════════════════════════════════════════════════════════════════════════════════════════════════
00:04 +252 -9: /Users/vadrian/development/cc_workout_app/test/features/auth/integration/auth_flow_integration_test.dart: Auth Flow Integration Tests sign out flow returns to auth screens [E]         
  Test failed. See exception logs above.
  The test description was: sign out flow returns to auth screens
  

To run this test again: /Users/vadrian/development/flutter/bin/cache/dart-sdk/bin/dart test /Users/vadrian/development/cc_workout_app/test/features/auth/integration/auth_flow_integration_test.dart -p vm --plain-name 'Auth Flow Integration Tests sign out flow returns to auth screens'
00:04 +253 -9: /Users/vadrian/development/cc_workout_app/test/features/lifts/screens/edit_lift_screen_test.dart: EditLiftScreen Widget Tests displays all required form fields with initial data       00:04 +254 -9: /Users/vadrian/development/cc_workout_app/test/features/lifts/screens/edit_lift_screen_test.dart: EditLiftScreen Widget Tests displays all required form fields with initial data       00:04 +255 -9: /Users/vadrian/development/cc_workout_app/test/features/lifts/screens/edit_lift_screen_test.dart: EditLiftScreen Widget Tests displays all required form fields with initial data       00:04 +256 -9: /Users/vadrian/development/cc_workout_app/test/features/lifts/screens/history_screen_test.dart: HistoryScreen Widget Tests renders without crashing                                     00:04 +257 -9: /Users/vadrian/development/cc_workout_app/test/features/lifts/screens/history_screen_test.dart: HistoryScreen Widget Tests renders without crashing                                     00:04 +258 -9: /Users/vadrian/development/cc_workout_app/test/features/lifts/screens/history_screen_test.dart: HistoryScreen Widget Tests renders without crashing                                     00:04 +259 -9: /Users/vadrian/development/cc_workout_app/test/features/lifts/screens/add_lift_screen_test.dart: AddLiftScreen Widget Tests displays all required form fields                           00:04 +260 -9: /Users/vadrian/development/cc_workout_app/test/features/lifts/screens/add_lift_screen_test.dart: AddLiftScreen Widget Tests displays all required form fields                           00:04 +261 -9: /Users/vadrian/development/cc_workout_app/test/features/lifts/screens/add_lift_screen_test.dart: AddLiftScreen Widget Tests displays all required form fields                           00:04 +262 -9: /Users/vadrian/development/cc_workout_app/test/features/lifts/screens/add_lift_screen_test.dart: AddLiftScreen Widget Tests displays all required form fields                           00:04 +262 -9: /Users/vadrian/development/cc_workout_app/test/features/auth/integration/auth_flow_integration_test.dart: Auth Flow Integration Tests network errors are handled gracefully             
══╡ EXCEPTION CAUGHT BY FLUTTER TEST FRAMEWORK ╞════════════════════════════════════════════════════
The following TestFailure was thrown running a test:
Expected: exactly one matching candidate
  Actual: _TextContainingWidgetFinder:<Found 0 widgets with text containing Network error during
authentication: []>
   Which: means none were found but one was expected

When the exception was thrown, this was the stack:
#4      AuthFlowRobot.expectError (file:///Users/vadrian/development/cc_workout_app/test/features/auth/integration/auth_flow_integration_test.dart:151:5)
#5      main.<anonymous closure>.<anonymous closure> (file:///Users/vadrian/development/cc_workout_app/test/features/auth/integration/auth_flow_integration_test.dart:443:13)
<asynchronous suspension>
#6      testWidgets.<anonymous closure>.<anonymous closure> (package:flutter_test/src/widget_tester.dart:192:15)
<asynchronous suspension>
#7      TestWidgetsFlutterBinding._runTestBody (package:flutter_test/src/binding.dart:1059:5)
<asynchronous suspension>
<asynchronous suspension>
(elided one frame from package:stack_trace)

This was caught by the test expectation on the following line:
  file:///Users/vadrian/development/cc_workout_app/test/features/auth/integration/auth_flow_integration_test.dart line 151
The test description was:
  network errors are handled gracefully
════════════════════════════════════════════════════════════════════════════════════════════════════
00:04 +262 -10: /Users/vadrian/development/cc_workout_app/test/features/auth/integration/auth_flow_integration_test.dart: Auth Flow Integration Tests network errors are handled gracefully [E]        
  Test failed. See exception logs above.
  The test description was: network errors are handled gracefully
  

To run this test again: /Users/vadrian/development/flutter/bin/cache/dart-sdk/bin/dart test /Users/vadrian/development/cc_workout_app/test/features/auth/integration/auth_flow_integration_test.dart -p vm --plain-name 'Auth Flow Integration Tests network errors are handled gracefully'
00:04 +263 -10: /Users/vadrian/development/cc_workout_app/test/features/lifts/screens/add_lift_screen_test.dart: AddLiftScreen Widget Tests displays all required form fields                          00:04 +264 -10: /Users/vadrian/development/cc_workout_app/test/features/lifts/screens/history_screen_test.dart: HistoryScreen Widget Tests app bar has correct title and refresh button                00:04 +265 -10: /Users/vadrian/development/cc_workout_app/test/features/lifts/screens/edit_lift_screen_test.dart: EditLiftScreen Widget Tests can modify form field values                             00:04 +266 -10: /Users/vadrian/development/cc_workout_app/test/features/lifts/screens/edit_lift_screen_test.dart: EditLiftScreen Widget Tests can modify form field values                             00:04 +267 -10: /Users/vadrian/development/cc_workout_app/test/features/lifts/screens/edit_lift_screen_test.dart: EditLiftScreen Widget Tests can modify form field values                             00:05 +267 -10: /Users/vadrian/development/cc_workout_app/test/features/lifts/screens/edit_lift_screen_test.dart: EditLiftScreen Widget Tests can modify form field values                             00:05 +268 -10: /Users/vadrian/development/cc_workout_app/test/features/lifts/screens/edit_lift_screen_test.dart: EditLiftScreen Widget Tests can modify form field values                             00:05 +269 -10: /Users/vadrian/development/cc_workout_app/test/features/auth/integration/auth_flow_integration_test.dart: Auth Flow Integration Tests concurrent auth operations are handled correctly 00:05 +270 -10: /Users/vadrian/development/cc_workout_app/test/features/auth/integration/auth_flow_integration_test.dart: Auth Flow Integration Tests concurrent auth operations are handled correctly 00:05 +271 -10: /Users/vadrian/development/cc_workout_app/test/features/auth/integration/auth_flow_integration_test.dart: Auth Flow Integration Tests concurrent auth operations are handled correctly 00:05 +271 -10: /Users/vadrian/development/cc_workout_app/test/features/auth/integration/auth_flow_integration_test.dart: Auth Flow Integration Tests concurrent auth operations are handled correctly 
══╡ EXCEPTION CAUGHT BY FLUTTER TEST FRAMEWORK ╞════════════════════════════════════════════════════
The following TestFailure was thrown running a test:
Expected: no matching candidates
  Actual: _TextContainingWidgetFinder:<Found 1 widget with text containing Error: [
            RichText(textAlign: center, softWrap: wrapping at box width, maxLines: unlimited, text:
"UnimplementedError: supabaseClientProvider must be overridden with a configured SupabaseClient",
dependencies: [Directionality, _LocalizationsScope-[GlobalKey#f907c]], renderObject:
RenderParagraph#567d4 relayoutBoundary=up21),
          ]>
   Which: means one was found but none were expected

When the exception was thrown, this was the stack:
#4      AuthFlowRobot.expectNoError (file:///Users/vadrian/development/cc_workout_app/test/features/auth/integration/auth_flow_integration_test.dart:160:5)
#5      main.<anonymous closure>.<anonymous closure> (file:///Users/vadrian/development/cc_workout_app/test/features/auth/integration/auth_flow_integration_test.dart:484:13)
<asynchronous suspension>
#6      testWidgets.<anonymous closure>.<anonymous closure> (package:flutter_test/src/widget_tester.dart:192:15)
<asynchronous suspension>
#7      TestWidgetsFlutterBinding._runTestBody (package:flutter_test/src/binding.dart:1059:5)
<asynchronous suspension>
<asynchronous suspension>
(elided one frame from package:stack_trace)

This was caught by the test expectation on the following line:
  file:///Users/vadrian/development/cc_workout_app/test/features/auth/integration/auth_flow_integration_test.dart line 160
The test description was:
  concurrent auth operations are handled correctly
════════════════════════════════════════════════════════════════════════════════════════════════════
00:05 +271 -11: /Users/vadrian/development/cc_workout_app/test/features/auth/integration/auth_flow_integration_test.dart: Auth Flow Integration Tests concurrent auth operations are handled correctly [E]
  Test failed. See exception logs above.
  The test description was: concurrent auth operations are handled correctly
  

To run this test again: /Users/vadrian/development/flutter/bin/cache/dart-sdk/bin/dart test /Users/vadrian/development/cc_workout_app/test/features/auth/integration/auth_flow_integration_test.dart -p vm --plain-name 'Auth Flow Integration Tests concurrent auth operations are handled correctly'
00:05 +271 -11: /Users/vadrian/development/cc_workout_app/test/features/lifts/screens/add_lift_screen_test.dart: AddLiftScreen Widget Tests lift type dropdown shows all lift types                    00:05 +272 -11: /Users/vadrian/development/cc_workout_app/test/features/lifts/screens/add_lift_screen_test.dart: AddLiftScreen Widget Tests lift type dropdown shows all lift types                    00:05 +273 -11: /Users/vadrian/development/cc_workout_app/test/features/lifts/screens/edit_lift_screen_test.dart: EditLiftScreen Widget Tests shows validation errors for invalid inputs               00:05 +274 -11: /Users/vadrian/development/cc_workout_app/test/features/auth/presentation/screens/auth_gate_test.dart: AuthGateWithDebugInfo debug info shows correct auth status                      00:05 +275 -11: /Users/vadrian/development/cc_workout_app/test/features/auth/presentation/screens/auth_gate_test.dart: AuthGateWithDebugInfo debug info shows correct auth status                      00:05 +276 -11: /Users/vadrian/development/cc_workout_app/test/features/auth/presentation/screens/auth_gate_test.dart: AuthGateWithDebugInfo debug info shows correct auth status                      00:05 +277 -11: /Users/vadrian/development/cc_workout_app/test/features/lifts/screens/edit_lift_screen_test.dart: EditLiftScreen Widget Tests cancel button exists and has correct properties          00:05 +278 -11: /Users/vadrian/development/cc_workout_app/test/features/lifts/screens/add_lift_screen_test.dart: AddLiftScreen Widget Tests can enter reps in text field                               00:05 +279 -11: /Users/vadrian/development/cc_workout_app/test/features/lifts/screens/add_lift_screen_test.dart: AddLiftScreen Widget Tests can enter reps in text field                               00:05 +280 -11: /Users/vadrian/development/cc_workout_app/test/features/lifts/screens/add_lift_screen_test.dart: AddLiftScreen Widget Tests can enter reps in text field                               00:05 +281 -11: /Users/vadrian/development/cc_workout_app/test/features/lifts/screens/edit_lift_screen_test.dart: EditLiftScreen Widget Tests date picker opens when date field is tapped              00:05 +282 -11: /Users/vadrian/development/cc_workout_app/test/features/lifts/screens/edit_lift_screen_test.dart: EditLiftScreen Widget Tests date picker opens when date field is tapped              00:05 +283 -11: /Users/vadrian/development/cc_workout_app/test/features/lifts/screens/edit_lift_screen_test.dart: EditLiftScreen Widget Tests date picker opens when date field is tapped              00:05 +284 -11: /Users/vadrian/development/cc_workout_app/test/features/lifts/screens/edit_lift_screen_test.dart: EditLiftScreen Widget Tests date picker opens when date field is tapped              00:05 +285 -11: /Users/vadrian/development/cc_workout_app/test/features/lifts/screens/edit_lift_screen_test.dart: EditLiftScreen Widget Tests date picker opens when date field is tapped              00:05 +286 -11: /Users/vadrian/development/cc_workout_app/test/features/lifts/screens/edit_lift_screen_test.dart: EditLiftScreen Widget Tests date picker opens when date field is tapped              00:05 +287 -11: /Users/vadrian/development/cc_workout_app/test/features/lifts/screens/edit_lift_screen_test.dart: EditLiftScreen Widget Tests date picker opens when date field is tapped              00:05 +288 -11: /Users/vadrian/development/cc_workout_app/test/features/lifts/screens/add_lift_screen_test.dart: AddLiftScreen Widget Tests shows validation errors for invalid inputs                 00:05 +289 -11: /Users/vadrian/development/cc_workout_app/test/features/lifts/screens/add_lift_screen_test.dart: AddLiftScreen Widget Tests shows validation errors for invalid inputs                 00:05 +290 -11: /Users/vadrian/development/cc_workout_app/test/features/lifts/screens/add_lift_screen_test.dart: AddLiftScreen Widget Tests shows validation errors for invalid inputs                 00:05 +291 -11: /Users/vadrian/development/cc_workout_app/test/features/lifts/screens/add_lift_screen_test.dart: AddLiftScreen Widget Tests shows validation errors for invalid inputs                 00:05 +292 -11: /Users/vadrian/development/cc_workout_app/test/features/lifts/screens/add_lift_screen_test.dart: AddLiftScreen Widget Tests shows validation errors for invalid inputs                 00:05 +293 -11: /Users/vadrian/development/cc_workout_app/test/features/lifts/screens/add_lift_screen_test.dart: AddLiftScreen Widget Tests shows validation errors for invalid inputs                 00:05 +294 -11: /Users/vadrian/development/cc_workout_app/test/features/lifts/screens/add_lift_screen_test.dart: AddLiftScreen Widget Tests shows validation errors for invalid inputs                 00:05 +295 -11: /Users/vadrian/development/cc_workout_app/test/features/lifts/screens/add_lift_screen_test.dart: AddLiftScreen Widget Tests shows validation errors for invalid inputs                 00:05 +296 -11: /Users/vadrian/development/cc_workout_app/test/features/lifts/screens/add_lift_screen_test.dart: AddLiftScreen Widget Tests shows validation errors for invalid inputs                 00:05 +297 -11: /Users/vadrian/development/cc_workout_app/test/features/lifts/screens/edit_lift_screen_test.dart: EditLiftScreen Widget Tests delete button shows confirmation dialog                  00:05 +298 -11: /Users/vadrian/development/cc_workout_app/test/features/lifts/screens/edit_lift_screen_test.dart: EditLiftScreen Widget Tests delete button shows confirmation dialog                  00:05 +299 -11: /Users/vadrian/development/cc_workout_app/test/features/lifts/screens/edit_lift_screen_test.dart: EditLiftScreen Widget Tests delete button shows confirmation dialog                  00:05 +300 -11: /Users/vadrian/development/cc_workout_app/test/features/lifts/screens/edit_lift_screen_test.dart: EditLiftScreen Widget Tests delete button shows confirmation dialog                  00:05 +301 -11: /Users/vadrian/development/cc_workout_app/test/features/lifts/screens/edit_lift_screen_test.dart: EditLiftScreen Widget Tests delete button shows confirmation dialog                  00:05 +302 -11: /Users/vadrian/development/cc_workout_app/test/features/lifts/screens/edit_lift_screen_test.dart: EditLiftScreen Widget Tests delete button shows confirmation dialog                  00:05 +303 -11: /Users/vadrian/development/cc_workout_app/test/features/lifts/screens/edit_lift_screen_test.dart: EditLiftScreen Widget Tests delete button shows confirmation dialog                  00:05 +304 -11: /Users/vadrian/development/cc_workout_app/test/features/lifts/screens/edit_lift_screen_test.dart: EditLiftScreen Widget Tests delete button shows confirmation dialog                  00:05 +305 -11: /Users/vadrian/development/cc_workout_app/test/features/lifts/screens/edit_lift_screen_test.dart: EditLiftScreen Widget Tests delete button shows confirmation dialog                  00:05 +306 -11: /Users/vadrian/development/cc_workout_app/test/features/lifts/screens/edit_lift_screen_test.dart: EditLiftScreen Widget Tests delete button shows confirmation dialog                  00:05 +307 -11: /Users/vadrian/development/cc_workout_app/test/features/lifts/screens/add_lift_screen_test.dart: AddLiftScreen Widget Tests date picker opens when date field is tapped                00:06 +307 -11: /Users/vadrian/development/cc_workout_app/test/features/lifts/screens/add_lift_screen_test.dart: AddLiftScreen Widget Tests date picker opens when date field is tapped                00:06 +308 -11: /Users/vadrian/development/cc_workout_app/test/features/lifts/screens/add_lift_screen_test.dart: AddLiftScreen Widget Tests date picker opens when date field is tapped                00:06 +309 -11: /Users/vadrian/development/cc_workout_app/test/features/lifts/screens/add_lift_screen_test.dart: AddLiftScreen Widget Tests date picker opens when date field is tapped                00:06 +310 -11: /Users/vadrian/development/cc_workout_app/test/features/lifts/screens/add_lift_screen_test.dart: AddLiftScreen Widget Tests date picker opens when date field is tapped                00:06 +311 -11: /Users/vadrian/development/cc_workout_app/test/features/lifts/screens/add_lift_screen_test.dart: AddLiftScreen Widget Tests date picker opens when date field is tapped                00:06 +312 -11: /Users/vadrian/development/cc_workout_app/test/features/lifts/screens/add_lift_screen_test.dart: AddLiftScreen Widget Tests date picker opens when date field is tapped                00:06 +313 -11: /Users/vadrian/development/cc_workout_app/test/features/lifts/screens/add_lift_screen_test.dart: AddLiftScreen Widget Tests date picker opens when date field is tapped                00:06 +313 -11: loading /Users/vadrian/development/cc_workout_app/test/features/rep_maxes/screens/rep_maxes_screen_test.dart                                                                           00:06 +313 -11: /Users/vadrian/development/cc_workout_app/test/features/rep_maxes/screens/rep_maxes_screen_test.dart: RepMaxesScreen should display app bar with title                                 00:06 +314 -11: /Users/vadrian/development/cc_workout_app/test/features/rep_maxes/screens/rep_maxes_screen_test.dart: RepMaxesScreen should display app bar with title                                 00:06 +315 -11: /Users/vadrian/development/cc_workout_app/test/features/rep_maxes/screens/rep_maxes_screen_test.dart: RepMaxesScreen should display app bar with title                                 00:06 +316 -11: /Users/vadrian/development/cc_workout_app/test/features/rep_maxes/screens/rep_maxes_screen_test.dart: RepMaxesScreen should display app bar with title                                 00:06 +317 -11: /Users/vadrian/development/cc_workout_app/test/features/rep_maxes/screens/rep_maxes_screen_test.dart: RepMaxesScreen should display app bar with title                                 00:06 +318 -11: /Users/vadrian/development/cc_workout_app/test/features/rep_maxes/screens/rep_maxes_screen_test.dart: RepMaxesScreen should display app bar with title                                 00:06 +319 -11: /Users/vadrian/development/cc_workout_app/test/features/rep_maxes/screens/rep_maxes_screen_test.dart: RepMaxesScreen should display app bar with title                                 00:06 +320 -11: /Users/vadrian/development/cc_workout_app/test/features/rep_maxes/screens/rep_maxes_screen_test.dart: RepMaxesScreen should display app bar with title                                 00:06 +321 -11: /Users/vadrian/development/cc_workout_app/test/features/rep_maxes/screens/rep_maxes_screen_test.dart: RepMaxesScreen should display app bar with title                                 00:06 +322 -11: /Users/vadrian/development/cc_workout_app/test/features/rep_maxes/screens/rep_maxes_screen_test.dart: RepMaxesScreen should display app bar with title                                 00:06 +323 -11: /Users/vadrian/development/cc_workout_app/test/features/rep_maxes/screens/rep_maxes_screen_test.dart: RepMaxesScreen should display app bar with title                                 00:06 +324 -11: /Users/vadrian/development/cc_workout_app/test/features/rep_maxes/screens/rep_maxes_screen_test.dart: RepMaxesScreen should display app bar with title                                 00:06 +325 -11: /Users/vadrian/development/cc_workout_app/test/features/rep_maxes/screens/rep_maxes_screen_test.dart: RepMaxesScreen should display app bar with title                                 00:06 +326 -11: /Users/vadrian/development/cc_workout_app/test/features/rep_maxes/screens/rep_maxes_screen_test.dart: RepMaxesScreen should display app bar with title                                 00:06 +327 -11: /Users/vadrian/development/cc_workout_app/test/features/rep_maxes/screens/rep_maxes_screen_test.dart: RepMaxesScreen should display app bar with title                                 00:06 +328 -11: /Users/vadrian/development/cc_workout_app/test/features/rep_maxes/screens/rep_maxes_screen_test.dart: RepMaxesScreen should display app bar with title                                 00:06 +329 -11: /Users/vadrian/development/cc_workout_app/test/features/rep_maxes/screens/rep_maxes_screen_test.dart: RepMaxesScreen should display app bar with title                                 00:06 +330 -11: /Users/vadrian/development/cc_workout_app/test/features/rep_maxes/screens/rep_maxes_screen_test.dart: RepMaxesScreen should display app bar with title                                 00:06 +331 -11: /Users/vadrian/development/cc_workout_app/test/features/rep_maxes/screens/rep_maxes_screen_test.dart: RepMaxesScreen should display app bar with title                                 00:06 +332 -11: /Users/vadrian/development/cc_workout_app/test/features/rep_maxes/screens/rep_maxes_screen_test.dart: RepMaxesScreen should display app bar with title                                 00:06 +333 -11: /Users/vadrian/development/cc_workout_app/test/features/rep_maxes/screens/rep_maxes_screen_test.dart: RepMaxesScreen should display app bar with title                                 00:06 +334 -11: /Users/vadrian/development/cc_workout_app/test/features/rep_maxes/screens/rep_maxes_screen_test.dart: RepMaxesScreen should display app bar with title                                 00:06 +335 -11: /Users/vadrian/development/cc_workout_app/test/features/rep_maxes/screens/rep_maxes_screen_test.dart: RepMaxesScreen should display app bar with title                                 00:06 +336 -11: /Users/vadrian/development/cc_workout_app/test/features/rep_maxes/screens/rep_maxes_screen_test.dart: RepMaxesScreen should display app bar with title                                 00:06 +337 -11: /Users/vadrian/development/cc_workout_app/test/features/rep_maxes/screens/rep_maxes_screen_test.dart: RepMaxesScreen should display app bar with title                                 00:06 +338 -11: /Users/vadrian/development/cc_workout_app/test/features/rep_maxes/screens/rep_maxes_screen_test.dart: RepMaxesScreen should display app bar with title                                 00:06 +339 -11: /Users/vadrian/development/cc_workout_app/test/features/rep_maxes/screens/rep_maxes_screen_test.dart: RepMaxesScreen should display app bar with title                                 00:06 +340 -11: /Users/vadrian/development/cc_workout_app/test/features/rep_maxes/screens/rep_maxes_screen_test.dart: RepMaxesScreen should display app bar with title                                 00:06 +341 -11: /Users/vadrian/development/cc_workout_app/test/features/rep_maxes/screens/rep_maxes_screen_test.dart: RepMaxesScreen should display app bar with title                                 00:06 +342 -11: /Users/vadrian/development/cc_workout_app/test/features/rep_maxes/screens/rep_maxes_screen_test.dart: RepMaxesScreen should display app bar with title                                 00:06 +343 -11: /Users/vadrian/development/cc_workout_app/test/features/rep_maxes/screens/rep_maxes_screen_test.dart: RepMaxesScreen should display app bar with title                                 00:06 +344 -11: /Users/vadrian/development/cc_workout_app/test/features/rep_maxes/screens/rep_maxes_screen_test.dart: RepMaxesScreen should display app bar with title                                 00:06 +345 -11: /Users/vadrian/development/cc_workout_app/test/features/rep_maxes/screens/rep_maxes_screen_test.dart: RepMaxesScreen should display app bar with title                                 00:06 +346 -11: /Users/vadrian/development/cc_workout_app/test/features/rep_maxes/screens/rep_maxes_screen_test.dart: RepMaxesScreen should display app bar with title                                 00:06 +347 -11: /Users/vadrian/development/cc_workout_app/test/features/rep_maxes/screens/rep_maxes_screen_test.dart: RepMaxesScreen should display app bar with title                                 00:06 +348 -11: /Users/vadrian/development/cc_workout_app/test/features/rep_maxes/screens/rep_maxes_screen_test.dart: RepMaxesScreen should display app bar with title                                 00:06 +349 -11: /Users/vadrian/development/cc_workout_app/test/features/rep_maxes/screens/rep_maxes_screen_test.dart: RepMaxesScreen should display app bar with title                                 00:06 +350 -11: /Users/vadrian/development/cc_workout_app/test/features/rep_maxes/screens/rep_maxes_screen_test.dart: RepMaxesScreen should display app bar with title                                 00:06 +351 -11: /Users/vadrian/development/cc_workout_app/test/features/rep_maxes/screens/rep_maxes_screen_test.dart: RepMaxesScreen should display app bar with title                                 00:06 +352 -11: /Users/vadrian/development/cc_workout_app/test/features/rep_maxes/screens/rep_maxes_screen_test.dart: RepMaxesScreen should display app bar with title                                 00:06 +353 -11: /Users/vadrian/development/cc_workout_app/test/features/rep_maxes/screens/rep_maxes_screen_test.dart: RepMaxesScreen should display app bar with title                                 00:06 +354 -11: /Users/vadrian/development/cc_workout_app/test/features/rep_maxes/screens/rep_maxes_screen_test.dart: RepMaxesScreen should display app bar with title                                 00:06 +355 -11: /Users/vadrian/development/cc_workout_app/test/features/rep_maxes/screens/rep_maxes_screen_test.dart: RepMaxesScreen should display app bar with title                                 00:06 +356 -11: /Users/vadrian/development/cc_workout_app/test/features/rep_maxes/screens/rep_maxes_screen_test.dart: RepMaxesScreen should display app bar with title                                 00:06 +357 -11: /Users/vadrian/development/cc_workout_app/test/features/rep_maxes/screens/rep_maxes_screen_test.dart: RepMaxesScreen should display app bar with title                                 00:06 +358 -11: /Users/vadrian/development/cc_workout_app/test/features/rep_maxes/screens/rep_maxes_screen_test.dart: RepMaxesScreen should display app bar with title                                 00:06 +359 -11: /Users/vadrian/development/cc_workout_app/test/features/rep_maxes/screens/rep_maxes_screen_test.dart: RepMaxesScreen should display app bar with title                                 00:07 +359 -11: /Users/vadrian/development/cc_workout_app/test/features/rep_maxes/screens/rep_maxes_screen_test.dart: RepMaxesScreen should display app bar with title                                 00:07 +360 -11: /Users/vadrian/development/cc_workout_app/test/features/rep_maxes/screens/rep_maxes_screen_test.dart: RepMaxesScreen should display app bar with title                                 00:07 +360 -11: /Users/vadrian/development/cc_workout_app/test/features/rep_maxes/screens/rep_maxes_screen_test.dart: RepMaxesScreen should display error state when error occurs                      00:07 +361 -11: /Users/vadrian/development/cc_workout_app/test/features/rep_maxes/screens/rep_maxes_screen_test.dart: RepMaxesScreen should display error state when error occurs                      00:07 +361 -11: /Users/vadrian/development/cc_workout_app/test/features/rep_maxes/screens/rep_maxes_screen_test.dart: RepMaxesScreen should display table even when completely empty                   00:07 +362 -11: /Users/vadrian/development/cc_workout_app/test/features/rep_maxes/screens/rep_maxes_screen_test.dart: RepMaxesScreen should display table even when completely empty                   00:07 +362 -11: /Users/vadrian/development/cc_workout_app/test/features/rep_maxes/screens/rep_maxes_screen_test.dart: RepMaxesScreen should display rep max table with data                            00:07 +363 -11: /Users/vadrian/development/cc_workout_app/test/features/rep_maxes/screens/rep_maxes_screen_test.dart: RepMaxesScreen should display rep max table with data                            00:07 +363 -11: /Users/vadrian/development/cc_workout_app/test/features/rep_maxes/screens/rep_maxes_screen_test.dart: RepMaxesScreen should display table with empty cells for lift types with no data 00:07 +364 -11: /Users/vadrian/development/cc_workout_app/test/features/rep_maxes/screens/rep_maxes_screen_test.dart: RepMaxesScreen should display table with empty cells for lift types with no data 00:07 +365 -11: /Users/vadrian/development/cc_workout_app/test/features/rep_maxes/screens/rep_maxes_screen_test.dart: RepMaxesScreen should display table with empty cells for lift types with no data 00:07 +366 -11: /Users/vadrian/development/cc_workout_app/test/features/rep_maxes/screens/rep_maxes_screen_test.dart: RepMaxesScreen should display table with empty cells for lift types with no data 00:07 +367 -11: /Users/vadrian/development/cc_workout_app/test/features/rep_maxes/screens/rep_maxes_screen_test.dart: RepMaxesScreen should display table with empty cells for lift types with no data 00:07 +368 -11: /Users/vadrian/development/cc_workout_app/test/features/rep_maxes/screens/rep_maxes_screen_test.dart: RepMaxesScreen should display table with empty cells for lift types with no data 00:07 +369 -11: /Users/vadrian/development/cc_workout_app/test/features/rep_maxes/screens/rep_maxes_screen_test.dart: RepMaxesScreen should display table with empty cells for lift types with no data 00:07 +370 -11: /Users/vadrian/development/cc_workout_app/test/features/rep_maxes/screens/rep_maxes_screen_test.dart: RepMaxesScreen should display table with empty cells for lift types with no data 00:07 +370 -11: /Users/vadrian/development/cc_workout_app/test/features/rep_maxes/screens/rep_maxes_screen_test.dart: RepMaxesScreen should display all rep ranges (1-10) in tables                    00:07 +371 -11: /Users/vadrian/development/cc_workout_app/test/features/rep_maxes/screens/rep_maxes_screen_test.dart: RepMaxesScreen should display all rep ranges (1-10) in tables                    00:07 +371 -11: /Users/vadrian/development/cc_workout_app/test/features/rep_maxes/screens/rep_maxes_screen_test.dart: RepMaxesScreen should support pull to refresh                                    00:07 +372 -11: /Users/vadrian/development/cc_workout_app/test/features/rep_maxes/screens/rep_maxes_screen_test.dart: RepMaxesScreen should support pull to refresh                                    00:07 +373 -11: /Users/vadrian/development/cc_workout_app/test/shared/widgets/rep_max_table_widget_test.dart: RepMaxTableWidget displays colored indicators in headers                                 00:07 +374 -11: /Users/vadrian/development/cc_workout_app/test/shared/widgets/rep_max_table_widget_test.dart: RepMaxTableWidget displays colored indicators in headers                                 00:07 +375 -11: /Users/vadrian/development/cc_workout_app/test/shared/widgets/rep_max_table_widget_test.dart: RepMaxTableWidget displays colored indicators in headers                                 00:07 +376 -11: /Users/vadrian/development/cc_workout_app/test/shared/widgets/rep_max_table_widget_test.dart: RepMaxTableWidget displays colored indicators in headers                                 00:07 +377 -11: /Users/vadrian/development/cc_workout_app/test/widget_test.dart: MainNavigationShell App displays main screen with empty state                                                         00:07 +378 -11: /Users/vadrian/development/cc_workout_app/test/widget_test.dart: MainNavigationShell App displays main screen with empty state                                                         00:07 +379 -11: /Users/vadrian/development/cc_workout_app/test/widget_test.dart: MainNavigationShell App displays main screen with empty state                                                         00:07 +380 -11: /Users/vadrian/development/cc_workout_app/test/widget_test.dart: MainNavigationShell App displays main screen with empty state                                                         00:07 +381 -11: /Users/vadrian/development/cc_workout_app/test/widget_test.dart: MainNavigationShell App displays main screen with empty state                                                         00:07 +382 -11: /Users/vadrian/development/cc_workout_app/test/widget_test.dart: MainNavigationShell App displays main screen with empty state                                                         00:08 +382 -11: /Users/vadrian/development/cc_workout_app/test/widget_test.dart: MainNavigationShell App displays main screen with empty state                                                         00:08 +383 -11: /Users/vadrian/development/cc_workout_app/test/widget_test.dart: MainNavigationShell App displays main screen with empty state                                                         00:08 +383 -11: /Users/vadrian/development/cc_workout_app/test/widget_test.dart: MainNavigationShell App displays main screen with rep max data                                                        00:08 +384 -11: /Users/vadrian/development/cc_workout_app/test/widget_test.dart: MainNavigationShell App displays main screen with rep max data                                                        00:08 +384 -11: Some tests failed.                                                                                                                                                                     
